<!DOCTYPE html>
<html xmlns:diff="http://namespaces.shoobx.com/diff">
  <head>
    <title><diff:insert>HTML </diff:insert>Example<diff:delete> HTML</diff:delete></title>
  </head>
  <body>
    <h1>My <i diff:insert-formatting="">First</i> Heading</h1>
    <p>My <diff:delete>first </diff:delete>paragraph<diff:insert> has changed</diff:insert>.</p>
  </body>
</html>
